     1                                  ; haribote-ipl
     2                                  ; TAB=4
     3                                  
     4                                  CYLS	EQU		10				; 读多远
     5                                  
     6                                  		ORG		0x7c00			; 指明程序装载地址
     7                                  
     8                                  ; 标准FAT12格式软盘专用的代码 Stand FAT12 format floppy code
     9                                  
    10 00000000 EB4D                    		JMP		entry
    11 00000002 90                      		DB		0x90
    12 00000003 48415249424F5445        		DB		"HARIBOTE"		; 启动扇区名称（8字节）
    13 0000000B 0002                    		DW		512				; 每个扇区（sector）大小（必须512字节）
    14 0000000D 01                      		DB		1				; 簇（cluster）大小（必须为1个扇区）
    15 0000000E 0100                    		DW		1				; FAT起始位置（一般为第一个扇区）
    16 00000010 02                      		DB		2				; FAT个数（必须为2）
    17 00000011 E000                    		DW		224				; 根目录大小（一般为224项）
    18 00000013 400B                    		DW		2880			; 该磁盘大小（必须为2880扇区1440*1024/512）
    19 00000015 F0                      		DB		0xf0			; 磁盘类型（必须为0xf0）
    20 00000016 0900                    		DW		9				; FAT的长度（必??9扇区）
    21 00000018 1200                    		DW		18				; 一个磁道（track）有几个扇区（必须为18）
    22 0000001A 0200                    		DW		2				; 磁头数（必??2）
    23 0000001C 00000000                		DD		0				; 不使用分区，必须是0
    24 00000020 400B0000                		DD		2880			; 重写一次磁盘大小
    25 00000024 000029                  		DB		0,0,0x29		; 意义不明（固定）
    26 00000027 FFFFFFFF                		DD		0xffffffff		; （可能是）卷标号码
    27 0000002B 48415249424F54454F-     		DB		"HARIBOTEOS"	; 磁盘的名称（必须为11字?，不足填空格）
    27 00000034 53                 
    28 00000035 4641543132202020        		DB		"FAT12   "		; 磁盘格式名称（必??8字?，不足填空格）
    29                                  		;RESB	18				; 先空出18字节
    30 0000003D 00<rep 12h>             		TIMES	18 DB 0		    ; NASMでは警告が出るので修正
    31                                  
    32                                  ; 程序主体
    33                                  
    34                                  entry:
    35 0000004F B80000                  		MOV		AX,0			; 初始化寄存器
    36 00000052 8ED0                    		MOV		SS,AX
    37 00000054 BC007C                  		MOV		SP,0x7c00
    38 00000057 8ED8                    		MOV		DS,AX
    39                                  
    40                                  ; 读盘
    41                                  		
    42 00000059 B82008                  		MOV		AX,0x0820
    43 0000005C 8EC0                    		MOV		ES,AX
    44 0000005E B500                    		MOV		CH,0			; 0柱面
    45 00000060 B600                    		MOV		DH,0			; 0磁头
    46 00000062 B102                    		MOV		CL,2			; 2扇区
    47                                  readloop:
    48 00000064 BE0000                  		MOV		SI,0			; 失敗回数を数えるレジスタ
    49                                  retry:
    50 00000067 B402                    		MOV		AH,0x02			; AH=0x02 : 读盘
    51 00000069 B001                    		MOV		AL,1			; 1个扇区
    52 0000006B BB0000                  		MOV		BX,0
    53 0000006E B200                    		MOV		DL,0x00			; 一个驱动器
    54 00000070 CD13                    		INT		0x13			; 磁盘 BIOS 调用
    55 00000072 7310                    		JNC		next
    56 00000074 83C601                  		ADD		SI,1			;
    57 00000077 83FE05                  		CMP		SI,5			;
    58 0000007A 7332                    		JAE		error			; SI >= 5 跳转error
    59 0000007C B400                    		MOV		AH,0x00
    60 0000007E B200                    		MOV		DL,0x00			;
    61 00000080 CD13                    		INT		0x13			; 驱动器复位
    62 00000082 EBE3                    		JMP		retry
    63                                  next:
    64 00000084 8CC0                    		MOV		AX,ES			; 把内存地址后移0x200
    65 00000086 83C020                  		ADD		AX,0x0020
    66 00000089 8EC0                    		MOV		ES,AX			; 因为没有ADD ES,0x020指令，所以这里稍微绕个弯
    67 0000008B 80C101                  		ADD		CL,1			;
    68 0000008E 80F912                  		CMP		CL,18			;
    69 00000091 76D1                    		JBE		readloop		; 如果CL <= 18 跳转至readloop
    70 00000093 B101                    		MOV		CL,1
    71 00000095 80C601                  		ADD		DH,1
    72 00000098 80FE02                  		CMP		DH,2
    73 0000009B 72C7                    		JB		readloop		; DH < 2 だったらreadloopへ
    74 0000009D B600                    		MOV		DH,0
    75 0000009F 80C501                  		ADD		CH,1
    76 000000A2 80FD0A                  		CMP		CH,CYLS
    77 000000A5 72BD                    		JB		readloop		; CH < CYLS だったらreadloopへ
    78                                  
    79                                  ; 我读完了，但我暂时无事可做，所以我去睡觉了
    80                                  
    81 000000A7 882EF00F                		MOV		[0x0ff0],CH		; 记下 IPL 读了多远
    82 000000AB E9(00C2)                		JMP		0xc200
    83                                  
    84                                  error:
    85 000000AE BE[C600]                		MOV		SI,msg
    86                                  putloop:
    87 000000B1 8A04                    		MOV		AL,[SI]
    88 000000B3 83C601                  		ADD		SI,1			; 给SI加1
    89 000000B6 3C00                    		CMP		AL,0
    90 000000B8 7409                    		JE		fin
    91 000000BA B40E                    		MOV		AH,0x0e			; 显示一个文字
    92 000000BC BB0F00                  		MOV		BX,15			; 指定字符颜色
    93 000000BF CD10                    		INT		0x10			; 调用显卡BIOS
    94 000000C1 EBEE                    		JMP		putloop
    95                                  fin:
    96 000000C3 F4                      		HLT
    97 000000C4 EBFD                    		JMP		fin
    98                                  msg:
    99 000000C6 0A0A                    		DB		0x0a, 0x0a		; 换行两次
   100 000000C8 68656C6C6F2C20776F-     		DB		"hello, world"
   100 000000D1 726C64             
   101 000000D4 0A                      		DB		0x0a			; 换行
   102 000000D5 00                      		DB		0
   103                                  
   104                                  		;RESB	0x7dfe-$		; 填写0x00直到0x001fe
   105 000000D6 00<rep 128h>            		TIMES	0x1fe-($-$$) DB 0	;NASM用に修正 $から$-$$に、RESBからTIMES DB0へ
   106                                  
   107 000001FE 55AA                    		DB		0x55, 0xaa
